--------------------------------------------------------------------------------
Release 14.7 Trace  (nt64)
Copyright (c) 1995-2013 Xilinx, Inc.  All rights reserved.

C:\Xilinx\14.7\ISE_DS\ISE\bin\nt64\unwrapped\trce.exe -intstyle ise -v 3 -s 3
-n 3 -fastpaths -xml main.twx main.ncd -o main.twr main.pcf -ucf main.ucf

Design file:              main.ncd
Physical constraint file: main.pcf
Device,package,speed:     xc6slx9,tqg144,C,-3 (PRODUCTION 1.23 2013-10-13)
Report level:             verbose report

Environment Variable      Effect 
--------------------      ------ 
NONE                      No environment variables were set
--------------------------------------------------------------------------------

INFO:Timing:2698 - No timing constraints found, doing default enumeration.
INFO:Timing:3412 - To improve timing, see the Timing Closure User Guide (UG612).
INFO:Timing:2752 - To get complete path coverage, use the unconstrained paths 
   option. All paths that are not constrained will be reported in the 
   unconstrained paths section(s) of the report.
INFO:Timing:3339 - The clock-to-out numbers in this timing report are based on 
   a 50 Ohm transmission line loading model.  For the details of this model, 
   and for more information on accounting for different loading conditions, 
   please see the device datasheet.



Data Sheet report:
-----------------
All values displayed in nanoseconds (ns)

Clock PB<0> to Pad
------------+-----------------+------------+-----------------+------------+---------------------+--------+
            |Max (slowest) clk|  Process   |Min (fastest) clk|  Process   |                     | Clock  |
Destination |  (edge) to PAD  |   Corner   |  (edge) to PAD  |   Corner   |Internal Clock(s)    | Phase  |
------------+-----------------+------------+-----------------+------------+---------------------+--------+
SEG<0>      |        16.129(R)|      SLOW  |         8.504(R)|      FAST  |XLXI_1/XLXI_4/XLXN_23|   0.000|
SEG<1>      |        16.116(R)|      SLOW  |         8.235(R)|      FAST  |XLXI_1/XLXI_4/XLXN_23|   0.000|
SEG<2>      |        16.253(R)|      SLOW  |         8.057(R)|      FAST  |XLXI_1/XLXI_4/XLXN_23|   0.000|
SEG<3>      |        16.496(R)|      SLOW  |         8.035(R)|      FAST  |XLXI_1/XLXI_4/XLXN_23|   0.000|
SEG<4>      |        16.091(R)|      SLOW  |         8.284(R)|      FAST  |XLXI_1/XLXI_4/XLXN_23|   0.000|
SEG<5>      |        15.616(R)|      SLOW  |         8.074(R)|      FAST  |XLXI_1/XLXI_4/XLXN_23|   0.000|
SEG<6>      |        16.170(R)|      SLOW  |         8.094(R)|      FAST  |XLXI_1/XLXI_4/XLXN_23|   0.000|
------------+-----------------+------------+-----------------+------------+---------------------+--------+

Clock PB<1> to Pad
------------+-----------------+------------+-----------------+------------+---------------------+--------+
            |Max (slowest) clk|  Process   |Min (fastest) clk|  Process   |                     | Clock  |
Destination |  (edge) to PAD  |   Corner   |  (edge) to PAD  |   Corner   |Internal Clock(s)    | Phase  |
------------+-----------------+------------+-----------------+------------+---------------------+--------+
SEG<0>      |        16.017(R)|      SLOW  |         8.423(R)|      FAST  |XLXI_1/XLXI_4/XLXN_23|   0.000|
SEG<1>      |        16.004(R)|      SLOW  |         8.154(R)|      FAST  |XLXI_1/XLXI_4/XLXN_23|   0.000|
SEG<2>      |        16.141(R)|      SLOW  |         7.976(R)|      FAST  |XLXI_1/XLXI_4/XLXN_23|   0.000|
SEG<3>      |        16.384(R)|      SLOW  |         7.954(R)|      FAST  |XLXI_1/XLXI_4/XLXN_23|   0.000|
SEG<4>      |        15.979(R)|      SLOW  |         8.203(R)|      FAST  |XLXI_1/XLXI_4/XLXN_23|   0.000|
SEG<5>      |        15.504(R)|      SLOW  |         7.993(R)|      FAST  |XLXI_1/XLXI_4/XLXN_23|   0.000|
SEG<6>      |        16.058(R)|      SLOW  |         8.013(R)|      FAST  |XLXI_1/XLXI_4/XLXN_23|   0.000|
------------+-----------------+------------+-----------------+------------+---------------------+--------+

Clock PB<2> to Pad
------------+-----------------+------------+-----------------+------------+---------------------+--------+
            |Max (slowest) clk|  Process   |Min (fastest) clk|  Process   |                     | Clock  |
Destination |  (edge) to PAD  |   Corner   |  (edge) to PAD  |   Corner   |Internal Clock(s)    | Phase  |
------------+-----------------+------------+-----------------+------------+---------------------+--------+
SEG<0>      |        15.880(R)|      SLOW  |         8.344(R)|      FAST  |XLXI_1/XLXI_4/XLXN_23|   0.000|
SEG<1>      |        15.867(R)|      SLOW  |         8.075(R)|      FAST  |XLXI_1/XLXI_4/XLXN_23|   0.000|
SEG<2>      |        16.004(R)|      SLOW  |         7.897(R)|      FAST  |XLXI_1/XLXI_4/XLXN_23|   0.000|
SEG<3>      |        16.247(R)|      SLOW  |         7.875(R)|      FAST  |XLXI_1/XLXI_4/XLXN_23|   0.000|
SEG<4>      |        15.842(R)|      SLOW  |         8.124(R)|      FAST  |XLXI_1/XLXI_4/XLXN_23|   0.000|
SEG<5>      |        15.367(R)|      SLOW  |         7.914(R)|      FAST  |XLXI_1/XLXI_4/XLXN_23|   0.000|
SEG<6>      |        15.921(R)|      SLOW  |         7.934(R)|      FAST  |XLXI_1/XLXI_4/XLXN_23|   0.000|
------------+-----------------+------------+-----------------+------------+---------------------+--------+

Clock PB<3> to Pad
------------+-----------------+------------+-----------------+------------+---------------------+--------+
            |Max (slowest) clk|  Process   |Min (fastest) clk|  Process   |                     | Clock  |
Destination |  (edge) to PAD  |   Corner   |  (edge) to PAD  |   Corner   |Internal Clock(s)    | Phase  |
------------+-----------------+------------+-----------------+------------+---------------------+--------+
SEG<0>      |        15.897(R)|      SLOW  |         8.355(R)|      FAST  |XLXI_1/XLXI_4/XLXN_23|   0.000|
SEG<1>      |        15.884(R)|      SLOW  |         8.086(R)|      FAST  |XLXI_1/XLXI_4/XLXN_23|   0.000|
SEG<2>      |        16.021(R)|      SLOW  |         7.908(R)|      FAST  |XLXI_1/XLXI_4/XLXN_23|   0.000|
SEG<3>      |        16.264(R)|      SLOW  |         7.886(R)|      FAST  |XLXI_1/XLXI_4/XLXN_23|   0.000|
SEG<4>      |        15.859(R)|      SLOW  |         8.135(R)|      FAST  |XLXI_1/XLXI_4/XLXN_23|   0.000|
SEG<5>      |        15.384(R)|      SLOW  |         7.925(R)|      FAST  |XLXI_1/XLXI_4/XLXN_23|   0.000|
SEG<6>      |        15.938(R)|      SLOW  |         7.945(R)|      FAST  |XLXI_1/XLXI_4/XLXN_23|   0.000|
------------+-----------------+------------+-----------------+------------+---------------------+--------+

Clock to Setup on destination clock CLK
---------------+---------+---------+---------+---------+
               | Src:Rise| Src:Fall| Src:Rise| Src:Fall|
Source Clock   |Dest:Rise|Dest:Rise|Dest:Fall|Dest:Fall|
---------------+---------+---------+---------+---------+
CLK            |    1.683|         |         |         |
---------------+---------+---------+---------+---------+

Clock to Setup on destination clock PB<0>
---------------+---------+---------+---------+---------+
               | Src:Rise| Src:Fall| Src:Rise| Src:Fall|
Source Clock   |Dest:Rise|Dest:Rise|Dest:Fall|Dest:Fall|
---------------+---------+---------+---------+---------+
PB<1>          |   -0.443|   -0.443|         |         |
PB<2>          |   -0.397|   -0.397|         |         |
PB<3>          |   -0.333|   -0.333|         |         |
---------------+---------+---------+---------+---------+

Clock to Setup on destination clock PB<1>
---------------+---------+---------+---------+---------+
               | Src:Rise| Src:Fall| Src:Rise| Src:Fall|
Source Clock   |Dest:Rise|Dest:Rise|Dest:Fall|Dest:Fall|
---------------+---------+---------+---------+---------+
PB<1>          |   -0.362|   -0.362|         |         |
PB<2>          |   -0.316|   -0.316|         |         |
PB<3>          |   -0.252|   -0.252|         |         |
---------------+---------+---------+---------+---------+

Clock to Setup on destination clock PB<2>
---------------+---------+---------+---------+---------+
               | Src:Rise| Src:Fall| Src:Rise| Src:Fall|
Source Clock   |Dest:Rise|Dest:Rise|Dest:Fall|Dest:Fall|
---------------+---------+---------+---------+---------+
PB<1>          |   -0.283|   -0.283|         |         |
PB<2>          |   -0.237|   -0.237|         |         |
PB<3>          |   -0.173|   -0.173|         |         |
---------------+---------+---------+---------+---------+

Clock to Setup on destination clock PB<3>
---------------+---------+---------+---------+---------+
               | Src:Rise| Src:Fall| Src:Rise| Src:Fall|
Source Clock   |Dest:Rise|Dest:Rise|Dest:Fall|Dest:Fall|
---------------+---------+---------+---------+---------+
PB<1>          |   -0.294|   -0.294|         |         |
PB<2>          |   -0.248|   -0.248|         |         |
PB<3>          |   -0.184|   -0.184|         |         |
---------------+---------+---------+---------+---------+

Pad to Pad
---------------+---------------+---------+
Source Pad     |Destination Pad|  Delay  |
---------------+---------------+---------+
DIP<0>         |SEG<0>         |   14.781|
DIP<0>         |SEG<1>         |   14.747|
DIP<0>         |SEG<2>         |   14.945|
DIP<0>         |SEG<3>         |   15.188|
DIP<0>         |SEG<4>         |   14.629|
DIP<0>         |SEG<5>         |   14.058|
DIP<0>         |SEG<6>         |   14.862|
DIP<1>         |SEG<0>         |   14.668|
DIP<1>         |SEG<1>         |   14.634|
DIP<1>         |SEG<2>         |   14.832|
DIP<1>         |SEG<3>         |   15.075|
DIP<1>         |SEG<4>         |   14.516|
DIP<1>         |SEG<5>         |   13.955|
DIP<1>         |SEG<6>         |   14.749|
DIP<2>         |SEG<0>         |   14.377|
DIP<2>         |SEG<1>         |   14.343|
DIP<2>         |SEG<2>         |   14.541|
DIP<2>         |SEG<3>         |   14.784|
DIP<2>         |SEG<4>         |   14.310|
DIP<2>         |SEG<5>         |   13.754|
DIP<2>         |SEG<6>         |   14.458|
DIP<3>         |SEG<0>         |   14.671|
DIP<3>         |SEG<1>         |   14.554|
DIP<3>         |SEG<2>         |   14.632|
DIP<3>         |SEG<3>         |   14.999|
DIP<3>         |SEG<4>         |   14.633|
DIP<3>         |SEG<5>         |   14.077|
DIP<3>         |SEG<6>         |   14.673|
DIP<4>         |SEG<0>         |   14.914|
DIP<4>         |SEG<1>         |   14.892|
DIP<4>         |SEG<2>         |   15.078|
DIP<4>         |SEG<3>         |   15.321|
DIP<4>         |SEG<4>         |   14.774|
DIP<4>         |SEG<5>         |   14.191|
DIP<4>         |SEG<6>         |   14.995|
DIP<5>         |SEG<0>         |   14.807|
DIP<5>         |SEG<1>         |   14.769|
DIP<5>         |SEG<2>         |   14.971|
DIP<5>         |SEG<3>         |   15.214|
DIP<5>         |SEG<4>         |   14.651|
DIP<5>         |SEG<5>         |   14.084|
DIP<5>         |SEG<6>         |   14.888|
DIP<6>         |SEG<0>         |   14.616|
DIP<6>         |SEG<1>         |   14.601|
DIP<6>         |SEG<2>         |   14.780|
DIP<6>         |SEG<3>         |   15.023|
DIP<6>         |SEG<4>         |   14.483|
DIP<6>         |SEG<5>         |   13.893|
DIP<6>         |SEG<6>         |   14.697|
DIP<7>         |SEG<0>         |   14.600|
DIP<7>         |SEG<1>         |   14.555|
DIP<7>         |SEG<2>         |   14.764|
DIP<7>         |SEG<3>         |   15.007|
DIP<7>         |SEG<4>         |   14.384|
DIP<7>         |SEG<5>         |   13.877|
DIP<7>         |SEG<6>         |   14.681|
SW<0>          |SEG<0>         |   16.126|
SW<0>          |SEG<1>         |   16.088|
SW<0>          |SEG<2>         |   16.290|
SW<0>          |SEG<3>         |   16.533|
SW<0>          |SEG<4>         |   15.970|
SW<0>          |SEG<5>         |   15.403|
SW<0>          |SEG<6>         |   16.207|
SW<1>          |SEG<0>         |   15.777|
SW<1>          |SEG<1>         |   15.739|
SW<1>          |SEG<2>         |   15.941|
SW<1>          |SEG<3>         |   16.184|
SW<1>          |SEG<4>         |   15.621|
SW<1>          |SEG<5>         |   15.054|
SW<1>          |SEG<6>         |   15.858|
SW<2>          |SEG<0>         |   15.631|
SW<2>          |SEG<1>         |   15.593|
SW<2>          |SEG<2>         |   15.795|
SW<2>          |SEG<3>         |   16.038|
SW<2>          |SEG<4>         |   15.475|
SW<2>          |SEG<5>         |   14.908|
SW<2>          |SEG<6>         |   15.712|
SW<3>          |SEG<0>         |   15.646|
SW<3>          |SEG<1>         |   15.608|
SW<3>          |SEG<2>         |   15.810|
SW<3>          |SEG<3>         |   16.053|
SW<3>          |SEG<4>         |   15.490|
SW<3>          |SEG<5>         |   14.923|
SW<3>          |SEG<6>         |   15.727|
SW<4>          |SEG<0>         |   15.450|
SW<4>          |SEG<1>         |   15.412|
SW<4>          |SEG<2>         |   15.614|
SW<4>          |SEG<3>         |   15.857|
SW<4>          |SEG<4>         |   15.294|
SW<4>          |SEG<5>         |   14.727|
SW<4>          |SEG<6>         |   15.531|
SW<5>          |SEG<0>         |   15.322|
SW<5>          |SEG<1>         |   15.284|
SW<5>          |SEG<2>         |   15.486|
SW<5>          |SEG<3>         |   15.729|
SW<5>          |SEG<4>         |   15.166|
SW<5>          |SEG<5>         |   14.599|
SW<5>          |SEG<6>         |   15.403|
SW<6>          |SEG<0>         |   15.127|
SW<6>          |SEG<1>         |   15.082|
SW<6>          |SEG<2>         |   15.291|
SW<6>          |SEG<3>         |   15.534|
SW<6>          |SEG<4>         |   14.911|
SW<6>          |SEG<5>         |   14.404|
SW<6>          |SEG<6>         |   15.208|
SW<7>          |SEG<0>         |   15.077|
SW<7>          |SEG<1>         |   15.032|
SW<7>          |SEG<2>         |   15.241|
SW<7>          |SEG<3>         |   15.484|
SW<7>          |SEG<4>         |   14.861|
SW<7>          |SEG<5>         |   14.354|
SW<7>          |SEG<6>         |   15.158|
---------------+---------------+---------+


Analysis completed Fri Nov 12 00:58:18 2021 
--------------------------------------------------------------------------------

Trace Settings:
-------------------------
Trace Settings 

Peak Memory Usage: 4571 MB



